\BOOKMARK [1][-]{section.1}{\376\377\000P\000r\000o\000b\000l\000e\000m\000\040\000a\000n\000d\000\040\000s\000c\000o\000p\000e}{}% 1
\BOOKMARK [2][-]{subsection.1.1}{\376\377\000S\000u\000p\000p\000o\000r\000t\000e\000d\000\040\000m\000u\000t\000a\000t\000i\000o\000n\000\040\000v\000o\000c\000a\000b\000u\000l\000a\000r\000y}{section.1}% 2
\BOOKMARK [2][-]{subsection.1.2}{\376\377\000E\000v\000e\000n\000t\000s\000,\000\040\000o\000b\000s\000e\000r\000v\000a\000t\000i\000o\000n\000s\000,\000\040\000a\000n\000d\000\040\000s\000a\000f\000e\000t\000y\000\040\000t\000a\000r\000g\000e\000t}{section.1}% 3
\BOOKMARK [1][-]{section.2}{\376\377\000S\000y\000s\000t\000e\000m\000\040\000a\000n\000d\000\040\000f\000a\000u\000l\000t\000\040\000m\000o\000d\000e\000l}{}% 4
\BOOKMARK [2][-]{subsection.2.1}{\376\377\000O\000b\000j\000e\000c\000t\000s\000\040\000a\000n\000d\000\040\000i\000d\000e\000n\000t\000i\000t\000i\000e\000s}{section.2}% 5
\BOOKMARK [2][-]{subsection.2.2}{\376\377\000M\000e\000d\000i\000u\000m\000\040\000o\000p\000e\000r\000a\000t\000i\000o\000n\000s}{section.2}% 6
\BOOKMARK [2][-]{subsection.2.3}{\376\377\000L\000i\000n\000u\000x\000/\000e\000x\000t\0004\000\040\000r\000e\000f\000i\000n\000e\000m\000e\000n\000t\000\040\000b\000o\000u\000n\000d\000a\000r\000y}{section.2}% 7
\BOOKMARK [1][-]{section.3}{\376\377\000P\000h\000y\000s\000i\000c\000a\000l\000\040\000r\000e\000p\000r\000e\000s\000e\000n\000t\000a\000t\000i\000o\000n}{}% 8
\BOOKMARK [2][-]{subsection.3.1}{\376\377\000B\000l\000o\000b\000\040\000g\000e\000o\000m\000e\000t\000r\000y}{section.3}% 9
\BOOKMARK [2][-]{subsection.3.2}{\376\377\000R\000o\000o\000t\000\040\000h\000e\000a\000d\000e\000r}{section.3}% 10
\BOOKMARK [2][-]{subsection.3.3}{\376\377\000W\000i\000t\000n\000e\000s\000s\000\040\000w\000r\000a\000p\000p\000e\000r\000\040\000a\000n\000d\000\040\000l\000o\000c\000a\000l\000\040\000l\000i\000n\000k}{section.3}% 11
\BOOKMARK [1][-]{section.4}{\376\377\000L\000o\000g\000i\000c\000a\000l\000\040\000p\000r\000o\000t\000o\000c\000o\000l\000\040\000s\000t\000a\000t\000e}{}% 12
\BOOKMARK [2][-]{subsection.4.1}{\376\377\000P\000e\000r\000-\000b\000l\000o\000b\000\040\000s\000t\000a\000t\000e}{section.4}% 13
\BOOKMARK [2][-]{subsection.4.2}{\376\377\000G\000r\000o\000u\000p\000s\000\040\000a\000n\000d\000\040\000t\000h\000e\000\040\000c\000a\000n\000o\000n\000i\000c\000a\000l\000\040\000r\000i\000n\000g}{section.4}% 14
\BOOKMARK [1][-]{section.5}{\376\377\000T\000r\000a\000n\000s\000i\000t\000i\000o\000n\000\040\000s\000y\000s\000t\000e\000m}{}% 15
\BOOKMARK [1][-]{section.6}{\376\377\000N\000o\000r\000m\000a\000l\000\040\000e\000x\000e\000c\000u\000t\000i\000o\000n}{}% 16
\BOOKMARK [2][-]{subsection.6.1}{\376\377\000P\000r\000e\000p\000a\000r\000a\000t\000i\000o\000n}{section.6}% 17
\BOOKMARK [2][-]{subsection.6.2}{\376\377\000D\000e\000c\000i\000s\000i\000o\000n\000\040\000r\000o\000u\000n\000d}{section.6}% 18
\BOOKMARK [2][-]{subsection.6.3}{\376\377\000M\000a\000t\000e\000r\000i\000a\000l\000i\000z\000a\000t\000i\000o\000n\000\040\000a\000n\000d\000\040\000a\000c\000t\000i\000v\000a\000t\000i\000o\000n}{section.6}% 19
\BOOKMARK [2][-]{subsection.6.4}{\376\377\000D\000e\000l\000e\000t\000i\000o\000n}{section.6}% 20
\BOOKMARK [1][-]{section.7}{\376\377\000R\000e\000c\000o\000v\000e\000r\000y}{}% 21
\BOOKMARK [2][-]{subsection.7.1}{\376\377\000D\000i\000s\000c\000o\000v\000e\000r\000i\000n\000g\000\040\000a\000\040\000r\000i\000n\000g}{section.7}% 22
\BOOKMARK [2][-]{subsection.7.2}{\376\377\000A\000r\000b\000i\000t\000r\000a\000r\000y\000\040\000t\000o\000r\000n\000\040\000f\000i\000n\000a\000l\000\040\000r\000o\000o\000t\000s}{section.7}% 23
\BOOKMARK [2][-]{subsection.7.3}{\376\377\000R\000e\000c\000o\000v\000e\000r\000y\000\040\000w\000i\000t\000h\000\040\000m\000i\000s\000s\000i\000n\000g\000\040\000p\000a\000r\000t\000i\000c\000i\000p\000a\000n\000t\000s}{section.7}% 24
\BOOKMARK [2][-]{subsection.7.4}{\376\377\000R\000e\000c\000r\000e\000a\000t\000i\000o\000n\000\040\000a\000n\000d\000\040\000s\000t\000a\000l\000e\000\040\000p\000a\000t\000h\000s}{section.7}% 25
\BOOKMARK [1][-]{section.8}{\376\377\000S\000a\000f\000e\000t\000y\000\040\000a\000r\000g\000u\000m\000e\000n\000t}{}% 26
\BOOKMARK [1][-]{section.9}{\376\377\000P\000r\000o\000g\000r\000e\000s\000s\000\040\000a\000n\000d\000\040\000r\000e\000s\000o\000u\000r\000c\000e\000\040\000b\000o\000u\000n\000d\000s}{}% 27
\BOOKMARK [2][-]{subsection.9.1}{\376\377\000R\000e\000c\000o\000v\000e\000r\000y\000\040\000w\000o\000r\000k}{section.9}% 28
\BOOKMARK [2][-]{subsection.9.2}{\376\377\000L\000i\000v\000e\000n\000e\000s\000s\000\040\000c\000o\000n\000d\000i\000t\000i\000o\000n\000s}{section.9}% 29
\BOOKMARK [2][-]{subsection.9.3}{\376\377\000W\000r\000i\000t\000e\000\040\000a\000n\000d\000\040\000m\000e\000m\000o\000r\000y\000\040\000c\000o\000s\000t}{section.9}% 30
\BOOKMARK [1][-]{section.10}{\376\377\000O\000v\000e\000r\000l\000a\000p\000p\000i\000n\000g\000\040\000g\000r\000o\000u\000p\000s\000\040\000a\000n\000d\000\040\000t\000w\000o\000\040\000s\000l\000o\000t\000s}{}% 31
\BOOKMARK [1][-]{section.11}{\376\377\000A\000P\000I\000\040\000s\000e\000m\000a\000n\000t\000i\000c\000s}{}% 32
\BOOKMARK [1][-]{section.12}{\376\377\000I\000m\000p\000l\000e\000m\000e\000n\000t\000a\000t\000i\000o\000n\000\040\000c\000o\000r\000r\000e\000s\000p\000o\000n\000d\000e\000n\000c\000e}{}% 33
\BOOKMARK [1][-]{section.13}{\376\377\000I\000m\000p\000l\000e\000m\000e\000n\000t\000a\000t\000i\000o\000n\000\040\000r\000e\000f\000i\000n\000e\000m\000e\000n\000t\000\040\000s\000t\000a\000t\000u\000s}{}% 34
\BOOKMARK [2][-]{subsection.13.1}{\376\377\000C\000o\000n\000f\000i\000r\000m\000e\000d\000\040\000p\000a\000r\000t\000i\000a\000l\000\040\000c\000o\000r\000r\000e\000s\000p\000o\000n\000d\000e\000n\000c\000e}{section.13}% 35
\BOOKMARK [2][-]{subsection.13.2}{\376\377\000U\000n\000c\000h\000e\000c\000k\000e\000d\000\040\000n\000a\000m\000e\000s\000p\000a\000c\000e\000-\000s\000h\000a\000p\000e\000\040\000p\000r\000e\000c\000o\000n\000d\000i\000t\000i\000o\000n\000s}{section.13}% 36
\BOOKMARK [2][-]{subsection.13.3}{\376\377\000R\0001\0004\000-\0001\000P\000\040\000n\000e\000g\000a\000t\000i\000v\000e\000\040\000c\000o\000n\000t\000r\000o\000l\000\040\000a\000n\000d\000\040\000s\000e\000l\000e\000c\000t\000e\000d\000\040\000R\0001\0004\000-\0002\000P\000\040\000r\000e\000p\000a\000i\000r}{section.13}% 37
\BOOKMARK [2][-]{subsection.13.4}{\376\377\000B\000l\000o\000c\000k\000e\000r\000:\000\040\000n\000e\000w\000e\000r\000\040\000t\000o\000m\000b\000s\000t\000o\000n\000e\000\040\000c\000a\000n\000\040\000l\000o\000s\000e\000\040\000t\000o\000\040\000a\000n\000\040\000o\000l\000d\000e\000r\000\040\000r\000i\000n\000g}{section.13}% 38
\BOOKMARK [2][-]{subsection.13.5}{\376\377\000B\000l\000o\000c\000k\000e\000r\000:\000\040\000R\0001\0003\000\040\000p\000e\000r\000m\000i\000t\000s\000\040\000e\000x\000a\000c\000t\000\040\000u\000n\000i\000s\000s\000u\000e\000d\000\040\000a\000u\000t\000h\000o\000r\000i\000t\000y\000\040\000s\000y\000n\000t\000h\000e\000s\000i\000s}{section.13}% 39
\BOOKMARK [2][-]{subsection.13.6}{\376\377\000B\000l\000o\000c\000k\000e\000r\000:\000\040\000o\000r\000d\000i\000n\000a\000r\000y\000\040\000r\000o\000o\000t\000s\000\040\000a\000r\000e\000\040\000n\000o\000t\000\040\000g\000r\000o\000u\000p\000\040\000c\000e\000r\000t\000i\000f\000i\000c\000a\000t\000e\000s}{section.13}% 40
\BOOKMARK [2][-]{subsection.13.7}{\376\377\000B\000l\000o\000c\000k\000e\000r\000:\000\040\000r\000e\000j\000e\000c\000t\000e\000d\000\040\000w\000i\000t\000n\000e\000s\000s\000e\000s\000\040\000s\000u\000r\000v\000i\000v\000e\000\040\000p\000a\000y\000l\000o\000a\000d\000\040\000r\000e\000u\000s\000e}{section.13}% 41
\BOOKMARK [2][-]{subsection.13.8}{\376\377\000R\000e\000v\000i\000e\000w\000e\000d\000\040\000c\000a\000n\000c\000e\000l\000l\000a\000t\000i\000o\000n\000\040\000r\000e\000p\000a\000i\000r\000:\000\040\000s\000e\000l\000f\000-\000d\000r\000i\000v\000i\000n\000g\000\040\000n\000a\000m\000e\000s\000p\000a\000c\000e\000\040\000o\000w\000n\000e\000r\000s\000h\000i\000p}{section.13}% 42
\BOOKMARK [2][-]{subsection.13.9}{\376\377\000A\000v\000a\000i\000l\000a\000b\000i\000l\000i\000t\000y\000\040\000d\000e\000v\000i\000a\000t\000i\000o\000n\000:\000\040\000m\000i\000s\000s\000i\000n\000g\000\040\000s\000u\000c\000c\000e\000s\000s\000o\000r\000\040\000p\000a\000r\000t\000i\000t\000i\000o\000n}{section.13}% 43
\BOOKMARK [2][-]{subsection.13.10}{\376\377\000K\000n\000o\000w\000n\000\040\000i\000n\000t\000e\000g\000r\000i\000t\000y\000-\000b\000o\000u\000n\000d\000a\000r\000y\000\040\000i\000s\000s\000u\000e}{section.13}% 44
\BOOKMARK [1][-]{section.14}{\376\377\000E\000v\000i\000d\000e\000n\000c\000e\000\040\000a\000n\000d\000\040\000v\000a\000l\000i\000d\000a\000t\000i\000o\000n\000\040\000o\000b\000l\000i\000g\000a\000t\000i\000o\000n\000s}{}% 45
\BOOKMARK [2][-]{subsection.14.1}{\376\377\000E\000x\000e\000c\000u\000t\000a\000b\000l\000e\000\040\000K\000a\000n\000i\000\040\000r\000e\000f\000e\000r\000e\000n\000c\000e\000\040\000m\000o\000d\000e\000l\000\040\000\050\000c\000u\000r\000r\000e\000n\000t\000\040\000m\000a\000t\000r\000i\000x\000\040\000p\000e\000n\000d\000i\000n\000g\000\051}{section.14}% 46
\BOOKMARK [2][-]{subsection.14.2}{\376\377\000A\000u\000d\000i\000t\000\040\000c\000h\000e\000c\000k\000l\000i\000s\000t}{section.14}% 47
\BOOKMARK [1][-]{section.15}{\376\377\000N\000o\000n\000-\000g\000o\000a\000l\000s\000\040\000a\000n\000d\000\040\000k\000n\000o\000w\000n\000\040\000b\000o\000u\000n\000d\000a\000r\000i\000e\000s}{}% 48
\BOOKMARK [1][-]{section.16}{\376\377\000C\000o\000n\000c\000l\000u\000s\000i\000o\000n}{}% 49
\BOOKMARK [1][-]{appendix.A}{\376\377\000C\000o\000m\000p\000a\000c\000t\000\040\000s\000t\000a\000t\000e\000-\000t\000r\000a\000n\000s\000i\000t\000i\000o\000n\000\040\000s\000u\000m\000m\000a\000r\000y}{}% 50
\BOOKMARK [1][-]{appendix.B}{\376\377\000G\000u\000a\000r\000a\000n\000t\000e\000e\000\040\000m\000a\000t\000r\000i\000x\000\040\000f\000o\000r\000\040\000m\000i\000s\000s\000i\000n\000g\000\040\000p\000a\000t\000h\000s}{}% 51
\BOOKMARK [1][-]{appendix.C}{\376\377\000W\000h\000y\000\040\000a\000\040\000c\000h\000e\000c\000k\000s\000u\000m\000\040\000a\000l\000o\000n\000e\000\040\000i\000s\000\040\000i\000n\000s\000u\000f\000f\000i\000c\000i\000e\000n\000t\000\040\000f\000o\000r\000\040\000o\000v\000e\000r\000w\000r\000i\000t\000e}{}% 52
